// Jest Snapshot v1, https://goo.gl/fbAQLP

exports[`renders correctly 1`] = `
<View
  onLayout={[Function]}
  style={
    Array [
      Object {
        "alignItems": "center",
        "backgroundColor": "#111111",
        "height": "100%",
        "justifyContent": "center",
        "paddingBottom": 20,
        "paddingLeft": 15,
        "paddingRight": 15,
        "paddingTop": 20,
        "width": "100%",
      },
    ]
  }
>
  <Image
    resizeMode="contain"
    source={
      Object {
        "testUri": "../../../src/assets/img/Netflix_Logo.png",
      }
    }
    style={
      Array [
        Object {
          "height": 100,
        },
      ]
    }
  />
  <View
    style={
      Array [
        Object {
          "alignItems": "center",
          "display": "flex",
          "flexBasis": 0,
          "flexDirection": "column",
          "flexGrow": 0.7,
          "flexShrink": 1,
          "justifyContent": "center",
          "width": "100%",
        },
      ]
    }
  >
    <TextInput
      allowFontScaling={true}
      onChangeText={[Function]}
      placeholder="Email"
      placeholderTextColor="rgba(255,255,255,0.2)"
      rejectResponderTermination={true}
      style={
        Array [
          Object {
            "backgroundColor": "#1c1c1c",
            "borderColor": "#1c1c1c",
            "borderRadius": 4,
            "borderStyle": "solid",
            "borderWidth": 2,
            "color": "rgba(255, 255, 255, 0.87)",
            "fontSize": 14,
            "marginBottom": 10,
            "maxWidth": 300,
            "paddingBottom": 5,
            "paddingLeft": 10,
            "paddingRight": 10,
            "paddingTop": 5,
            "width": "100%",
          },
        ]
      }
      testID="testEmail"
      underlineColorAndroid="transparent"
      value=""
    />
    <TextInput
      allowFontScaling={true}
      onChangeText={[Function]}
      placeholder="Password"
      placeholderTextColor="rgba(255,255,255,0.2)"
      rejectResponderTermination={true}
      secureTextEntry={true}
      style={
        Array [
          Object {
            "backgroundColor": "#1c1c1c",
            "borderColor": "#1c1c1c",
            "borderRadius": 4,
            "borderStyle": "solid",
            "borderWidth": 2,
            "color": "rgba(255, 255, 255, 0.87)",
            "fontSize": 14,
            "marginBottom": 10,
            "maxWidth": 300,
            "paddingBottom": 5,
            "paddingLeft": 10,
            "paddingRight": 10,
            "paddingTop": 5,
            "width": "100%",
          },
        ]
      }
      testID="testPassword"
      type="password"
      underlineColorAndroid="transparent"
      value=""
    />
    <View
      accessible={true}
      focusable={true}
      isTVSelectable={true}
      onClick={[Function]}
      onResponderGrant={[Function]}
      onResponderMove={[Function]}
      onResponderRelease={[Function]}
      onResponderTerminate={[Function]}
      onResponderTerminationRequest={[Function]}
      onStartShouldSetResponder={[Function]}
      style={
        Object {
          "alignItems": "center",
          "backgroundColor": "#d7240f",
          "borderRadius": 4,
          "display": "flex",
          "flexDirection": "row",
          "justifyContent": "center",
          "marginTop": 15,
          "minHeight": 40,
          "minWidth": 100,
          "opacity": 1,
        }
      }
    >
      <Text
        style={
          Array [
            Object {
              "color": "#fff",
              "fontSize": 12,
              "fontWeight": "600",
              "textTransform": "uppercase",
            },
          ]
        }
      >
        Sign In
      </Text>
    </View>
  </View>
  <Image
    resizeMode="contain"
    source={
      Object {
        "testUri": "../../../src/assets/img/Netflix_Background.jpg",
      }
    }
    style={
      Array [
        Object {
          "opacity": 0.15,
          "position": "absolute",
          "zIndex": -999,
        },
      ]
    }
  />
</View>
`;
