// Jest Snapshot v1, https://goo.gl/fbAQLP

exports[`renders correctly 1`] = `
<View
  onLayout={[Function]}
  style={
    Array [
      Object {
        "alignItems": "center",
        "backgroundColor": "#111111",
        "height": "100%",
        "justifyContent": "center",
        "paddingBottom": 20,
        "paddingLeft": 15,
        "paddingRight": 15,
        "paddingTop": 20,
        "width": "100%",
      },
    ]
  }
>
  <Image
    resizeMode="contain"
    source={
      Object {
        "testUri": "../../../src/assets/img/Netflix_Logo.png",
      }
    }
    style={
      Array [
        Object {
          "height": 100,
        },
      ]
    }
  />
  <ActivityIndicator
    animating={true}
    color="#D7240F"
    hidesWhenStopped={true}
    size="large"
  />
</View>
`;
